// Jest Snapshot v1, https://goo.gl/fbAQLP

exports[`DeleteButton snapshot 1`] = `
<button
  aria-describedby={null}
  aria-label="Delete"
  className="MuiButtonBase-root MuiIconButton-root makeStyles-button-1 makeStyles-theme-17 Mui-disabled Mui-disabled"
  disabled={true}
  onBlur={[Function]}
  onClick={[Function]}
  onDragLeave={[Function]}
  onFocus={[Function]}
  onKeyDown={[Function]}
  onKeyUp={[Function]}
  onMouseDown={[Function]}
  onMouseLeave={[Function]}
  onMouseOver={[Function]}
  onMouseUp={[Function]}
  onTouchEnd={[Function]}
  onTouchMove={[Function]}
  onTouchStart={[Function]}
  tabIndex={-1}
  title="Delete"
  type="button"
>
  <span
    className="MuiIconButton-label"
  >
    <svg
      aria-hidden={true}
      className="MuiSvgIcon-root MuiSvgIcon-fontSizeSmall"
      focusable="false"
      viewBox="0 0 24 24"
    >
      <path
        d="M6 19c0 1.1.9 2 2 2h8c1.1 0 2-.9 2-2V7H6v12zM19 4h-3.5l-1-1h-5l-1 1H5v2h14V4z"
      />
    </svg>
  </span>
</button>
`;
