// Jest Snapshot v1, https://goo.gl/fbAQLP

exports[`Render ToastContainer render correctly ToastContainer component 1`] = `
<div
  className="Toastify"
/>
`;
