// Jest Snapshot v1, https://goo.gl/fbAQLP

exports[`SaveButton Snapshot 1`] = `
<button
  aria-describedby={null}
  aria-label="Save"
  className="MuiButtonBase-root MuiIconButton-root makeStyles-button-1 makeStyles-theme-17"
  disabled={false}
  onBlur={[Function]}
  onClick={[MockFunction]}
  onDragLeave={[Function]}
  onFocus={[Function]}
  onKeyDown={[Function]}
  onKeyUp={[Function]}
  onMouseDown={[Function]}
  onMouseLeave={[Function]}
  onMouseOver={[Function]}
  onMouseUp={[Function]}
  onTouchEnd={[Function]}
  onTouchMove={[Function]}
  onTouchStart={[Function]}
  tabIndex={0}
  title="Save"
  type="button"
>
  <span
    className="MuiIconButton-label"
  >
    <svg
      aria-hidden={true}
      className="MuiSvgIcon-root MuiSvgIcon-fontSizeSmall"
      focusable="false"
      viewBox="0 0 24 24"
    >
      <path
        d="M17 3H5c-1.11 0-2 .9-2 2v14c0 1.1.89 2 2 2h14c1.1 0 2-.9 2-2V7l-4-4zm-5 16c-1.66 0-3-1.34-3-3s1.34-3 3-3 3 1.34 3 3-1.34 3-3 3zm3-10H5V5h10v4z"
      />
    </svg>
  </span>
</button>
`;
