// Jest Snapshot v1, https://goo.gl/fbAQLP

exports[`CustomLinearProgress snapshot 1`] = `
<div
  aria-valuemax={100}
  aria-valuemin={0}
  aria-valuenow={20}
  className="MuiLinearProgress-root makeStyles-root-1 makeStyles-primaryBackground-10 MuiLinearProgress-colorPrimary MuiLinearProgress-determinate"
  role="progressbar"
>
  <div
    className="MuiLinearProgress-bar makeStyles-bar-2 makeStyles-primary-3 MuiLinearProgress-barColorPrimary MuiLinearProgress-bar1Determinate"
    style={
      Object {
        "transform": "translateX(-80%)",
      }
    }
  />
</div>
`;
