// Jest Snapshot v1, https://goo.gl/fbAQLP

exports[`StatsCard Snapshot 1`] = `
<div
  className="MuiPaper-root MuiCard-root makeStyles-card-1 MuiPaper-elevation1 MuiPaper-rounded"
>
  <div
    className="MuiCardHeader-root makeStyles-cardHeader-2 makeStyles-greenCardHeader-4"
  >
    <div
      className="MuiCardHeader-avatar makeStyles-cardAvatar-10"
    >
      <svg
        aria-hidden={true}
        className="MuiSvgIcon-root makeStyles-cardIcon-9"
        focusable="false"
        viewBox="0 0 24 24"
      >
        <path
          d="M21 10.12h-6.78l2.74-2.82c-2.73-2.7-7.15-2.8-9.88-.1-2.73 2.71-2.73 7.08 0 9.79s7.15 2.71 9.88 0C18.32 15.65 19 14.08 19 12.1h2c0 1.98-.88 4.55-2.64 6.29-3.51 3.48-9.21 3.48-12.72 0-3.5-3.47-3.53-9.11-.02-12.58s9.14-3.47 12.65 0L21 3v7.12zM12.5 8v4.25l3.5 2.08-.72 1.21L11 13V8h1.5z"
        />
      </svg>
    </div>
    <div
      className="MuiCardHeader-content"
    />
  </div>
  <div
    className="MuiCardContent-root makeStyles-cardContent-8"
  >
    <p
      className="MuiTypography-root makeStyles-cardCategory-11"
    >
      Title
    </p>
    <h2
      className="MuiTypography-root makeStyles-cardTitle-12 MuiTypography-h5"
    >
      Description
    </h2>
  </div>
  <div
    className="MuiCardActions-root makeStyles-cardActions-14 MuiCardActions-spacing"
  >
    <div
      className="makeStyles-cardStats-15"
    >
      <svg
        aria-hidden={true}
        className="MuiSvgIcon-root makeStyles-cardStatsIcon-16 makeStyles-grayCardStatsIcon-23"
        focusable="false"
        viewBox="0 0 24 24"
      >
        <path
          d="M20 6h-4V4c0-1.11-.89-2-2-2h-4c-1.11 0-2 .89-2 2v2H4c-1.11 0-1.99.89-1.99 2L2 19c0 1.11.89 2 2 2h16c1.11 0 2-.89 2-2V8c0-1.11-.89-2-2-2zm-6 0h-4V4h4v2z"
        />
      </svg>
       
    </div>
  </div>
</div>
`;
